/home/hongb/.openclaw/workspace/filebot/backend/venv/lib/python3.12/site-packages/pydantic/_internal/_config.py:383: UserWarning: Valid config keys have changed in V2:
* 'schema_extra' has been renamed to 'json_schema_extra'
  warnings.warn(message, UserWarning)
/home/hongb/.openclaw/workspace/filebot/backend/venv/lib/python3.12/site-packages/pydantic/_internal/_config.py:383: UserWarning: Valid config keys have changed in V2:
* 'orm_mode' has been renamed to 'from_attributes'
  warnings.warn(message, UserWarning)
/home/hongb/.openclaw/workspace/filebot/backend/venv/lib/python3.12/site-packages/pydantic/_internal/_config.py:383: UserWarning: Valid config keys have changed in V2:
* 'schema_extra' has been renamed to 'json_schema_extra'
  warnings.warn(message, UserWarning)
INFO:     Started server process [3304912]
INFO:     Waiting for application startup.
2026-03-24 18:41:25,994 - main - INFO - 启动 FileBot 应用...
2026-03-24 18:41:26,052 - app.core.security - INFO - 管理员用户已存在: admin
2026-03-24 18:41:26,052 - main - INFO - 默认用户初始化完成
INFO:     Application startup complete.
INFO:     Uvicorn running on http://0.0.0.0:8001 (Press CTRL+C to quit)
INFO:     127.0.0.1:60592 - "GET /api/health HTTP/1.1" 200 OK
INFO:     127.0.0.1:37582 - "POST /api/v1/auth/login HTTP/1.1" 200 OK
INFO:     127.0.0.1:37598 - "POST /api/v1/folders/ HTTP/1.1" 400 Bad Request
INFO:     127.0.0.1:54162 - "POST /api/v1/auth/login HTTP/1.1" 200 OK
INFO:     127.0.0.1:54168 - "POST /api/v1/folders/ HTTP/1.1" 500 Internal Server Error
ERROR:    Exception in ASGI application
Traceback (most recent call last):
  File "/home/hongb/.openclaw/workspace/filebot/backend/venv/lib/python3.12/site-packages/uvicorn/protocols/http/h11_impl.py", line 410, in run_asgi
    result = await app(  # type: ignore[func-returns-value]
             ^^^^^^^^^^^^^^^^^^^^^^^^^^^^^^^^^^^^^^^^^^^^^^
  File "/home/hongb/.openclaw/workspace/filebot/backend/venv/lib/python3.12/site-packages/uvicorn/middleware/proxy_headers.py", line 60, in __call__
    return await self.app(scope, receive, send)
           ^^^^^^^^^^^^^^^^^^^^^^^^^^^^^^^^^^^^
  File "/home/hongb/.openclaw/workspace/filebot/backend/venv/lib/python3.12/site-packages/fastapi/applications.py", line 1160, in __call__
    await super().__call__(scope, receive, send)
  File "/home/hongb/.openclaw/workspace/filebot/backend/venv/lib/python3.12/site-packages/starlette/applications.py", line 107, in __call__
    await self.middleware_stack(scope, receive, send)
  File "/home/hongb/.openclaw/workspace/filebot/backend/venv/lib/python3.12/site-packages/starlette/middleware/errors.py", line 186, in __call__
    raise exc
  File "/home/hongb/.openclaw/workspace/filebot/backend/venv/lib/python3.12/site-packages/starlette/middleware/errors.py", line 164, in __call__
    await self.app(scope, receive, _send)
  File "/home/hongb/.openclaw/workspace/filebot/backend/venv/lib/python3.12/site-packages/starlette/middleware/cors.py", line 87, in __call__
    await self.app(scope, receive, send)
  File "/home/hongb/.openclaw/workspace/filebot/backend/venv/lib/python3.12/site-packages/starlette/middleware/exceptions.py", line 63, in __call__
    await wrap_app_handling_exceptions(self.app, conn)(scope, receive, send)
  File "/home/hongb/.openclaw/workspace/filebot/backend/venv/lib/python3.12/site-packages/starlette/_exception_handler.py", line 53, in wrapped_app
    raise exc
  File "/home/hongb/.openclaw/workspace/filebot/backend/venv/lib/python3.12/site-packages/starlette/_exception_handler.py", line 42, in wrapped_app
    await app(scope, receive, sender)
  File "/home/hongb/.openclaw/workspace/filebot/backend/venv/lib/python3.12/site-packages/fastapi/middleware/asyncexitstack.py", line 18, in __call__
    await self.app(scope, receive, send)
  File "/home/hongb/.openclaw/workspace/filebot/backend/venv/lib/python3.12/site-packages/starlette/routing.py", line 716, in __call__
    await self.middleware_stack(scope, receive, send)
  File "/home/hongb/.openclaw/workspace/filebot/backend/venv/lib/python3.12/site-packages/starlette/routing.py", line 736, in app
    await route.handle(scope, receive, send)
  File "/home/hongb/.openclaw/workspace/filebot/backend/venv/lib/python3.12/site-packages/starlette/routing.py", line 290, in handle
    await self.app(scope, receive, send)
  File "/home/hongb/.openclaw/workspace/filebot/backend/venv/lib/python3.12/site-packages/fastapi/routing.py", line 130, in app
    await wrap_app_handling_exceptions(app, request)(scope, receive, send)
  File "/home/hongb/.openclaw/workspace/filebot/backend/venv/lib/python3.12/site-packages/starlette/_exception_handler.py", line 53, in wrapped_app
    raise exc
  File "/home/hongb/.openclaw/workspace/filebot/backend/venv/lib/python3.12/site-packages/starlette/_exception_handler.py", line 42, in wrapped_app
    await app(scope, receive, sender)
  File "/home/hongb/.openclaw/workspace/filebot/backend/venv/lib/python3.12/site-packages/fastapi/routing.py", line 116, in app
    response = await f(request)
               ^^^^^^^^^^^^^^^^
  File "/home/hongb/.openclaw/workspace/filebot/backend/venv/lib/python3.12/site-packages/fastapi/routing.py", line 691, in app
    content = await serialize_response(
              ^^^^^^^^^^^^^^^^^^^^^^^^^
  File "/home/hongb/.openclaw/workspace/filebot/backend/venv/lib/python3.12/site-packages/fastapi/routing.py", line 296, in serialize_response
    raise ResponseValidationError(
fastapi.exceptions.ResponseValidationError: 1 validation error:
  {'type': 'string_type', 'loc': ('response', 'created_at'), 'msg': 'Input should be a valid string', 'input': datetime.datetime(2026, 3, 24, 22, 41, 59)}

  File "/home/hongb/.openclaw/workspace/filebot/backend/app/routers/folders.py", line 87, in create_folder
    POST /api/v1/folders/
INFO:     Shutting down
INFO:     Waiting for application shutdown.
2026-03-24 18:42:43,576 - main - INFO - 关闭 FileBot 应用...
INFO:     Application shutdown complete.
INFO:     Finished server process [3304912]
