/home/hongb/.openclaw/workspace/filebot/backend/venv/lib/python3.12/site-packages/pydantic/_internal/_config.py:383: UserWarning: Valid config keys have changed in V2:
* 'schema_extra' has been renamed to 'json_schema_extra'
  warnings.warn(message, UserWarning)
/home/hongb/.openclaw/workspace/filebot/backend/venv/lib/python3.12/site-packages/pydantic/_internal/_config.py:383: UserWarning: Valid config keys have changed in V2:
* 'orm_mode' has been renamed to 'from_attributes'
  warnings.warn(message, UserWarning)
/home/hongb/.openclaw/workspace/filebot/backend/venv/lib/python3.12/site-packages/pydantic/_internal/_config.py:383: UserWarning: Valid config keys have changed in V2:
* 'schema_extra' has been renamed to 'json_schema_extra'
  warnings.warn(message, UserWarning)
INFO:     Started server process [3305612]
INFO:     Waiting for application startup.
2026-03-24 18:42:50,206 - main - INFO - 启动 FileBot 应用...
2026-03-24 18:42:50,267 - app.core.security - INFO - 管理员用户已存在: admin
2026-03-24 18:42:50,267 - main - INFO - 默认用户初始化完成
INFO:     Application startup complete.
INFO:     Uvicorn running on http://0.0.0.0:8001 (Press CTRL+C to quit)
INFO:     127.0.0.1:36360 - "GET /api/health HTTP/1.1" 200 OK
INFO:     127.0.0.1:55424 - "POST /api/v1/auth/login HTTP/1.1" 200 OK
INFO:     127.0.0.1:55434 - "POST /api/v1/folders/ HTTP/1.1" 200 OK
INFO:     Shutting down
INFO:     Waiting for application shutdown.
2026-03-24 18:47:39,703 - main - INFO - 关闭 FileBot 应用...
INFO:     Application shutdown complete.
INFO:     Finished server process [3305612]
